execve("/usr/bin/git", ["git", "push"], [/* 27 vars */]) = 0
brk(NULL)                               = 0x9da000
mmap(NULL, 4096, PROT_READ|PROT_WRITE, MAP_PRIVATE|MAP_ANONYMOUS, -1, 0) = 0x7f20d8dd9000
access("/etc/ld.so.preload", R_OK)      = -1 ENOENT (No such file or directory)
open("/etc/ld.so.cache", O_RDONLY|O_CLOEXEC) = 3
fstat(3, {st_mode=S_IFREG|0644, st_size=77986, ...}) = 0
mmap(NULL, 77986, PROT_READ, MAP_PRIVATE, 3, 0) = 0x7f20d8dc5000
close(3)                                = 0
open("/lib64/libpcre.so.1", O_RDONLY|O_CLOEXEC) = 3
read(3, "\177ELF\2\1\1\0\0\0\0\0\0\0\0\0\3\0>\0\1\0\0\0\360\25\0\0\0\0\0\0"..., 832) = 832
fstat(3, {st_mode=S_IFREG|0755, st_size=402384, ...}) = 0
mmap(NULL, 2494984, PROT_READ|PROT_EXEC, MAP_PRIVATE|MAP_DENYWRITE, 3, 0) = 0x7f20d8957000
mprotect(0x7f20d89b7000, 2097152, PROT_NONE) = 0
mmap(0x7f20d8bb7000, 8192, PROT_READ|PROT_WRITE, MAP_PRIVATE|MAP_FIXED|MAP_DENYWRITE, 3, 0x60000) = 0x7f20d8bb7000
close(3)                                = 0
open("/lib64/libz.so.1", O_RDONLY|O_CLOEXEC) = 3
read(3, "\177ELF\2\1\1\0\0\0\0\0\0\0\0\0\3\0>\0\1\0\0\0p!\0\0\0\0\0\0"..., 832) = 832
fstat(3, {st_mode=S_IFREG|0755, st_size=90664, ...}) = 0
mmap(NULL, 2183688, PROT_READ|PROT_EXEC, MAP_PRIVATE|MAP_DENYWRITE, 3, 0) = 0x7f20d8741000
mprotect(0x7f20d8756000, 2093056, PROT_NONE) = 0
mmap(0x7f20d8955000, 8192, PROT_READ|PROT_WRITE, MAP_PRIVATE|MAP_FIXED|MAP_DENYWRITE, 3, 0x14000) = 0x7f20d8955000
close(3)                                = 0
open("/lib64/libpthread.so.0", O_RDONLY|O_CLOEXEC) = 3
read(3, "\177ELF\2\1\1\0\0\0\0\0\0\0\0\0\3\0>\0\1\0\0\0\0m\0\0\0\0\0\0"..., 832) = 832
fstat(3, {st_mode=S_IFREG|0755, st_size=144792, ...}) = 0
mmap(NULL, 4096, PROT_READ|PROT_WRITE, MAP_PRIVATE|MAP_ANONYMOUS, -1, 0) = 0x7f20d8dc4000
mmap(NULL, 2208904, PROT_READ|PROT_EXEC, MAP_PRIVATE|MAP_DENYWRITE, 3, 0) = 0x7f20d8525000
mprotect(0x7f20d853c000, 2093056, PROT_NONE) = 0
mmap(0x7f20d873b000, 8192, PROT_READ|PROT_WRITE, MAP_PRIVATE|MAP_FIXED|MAP_DENYWRITE, 3, 0x16000) = 0x7f20d873b000
mmap(0x7f20d873d000, 13448, PROT_READ|PROT_WRITE, MAP_PRIVATE|MAP_FIXED|MAP_ANONYMOUS, -1, 0) = 0x7f20d873d000
close(3)                                = 0
open("/lib64/libc.so.6", O_RDONLY|O_CLOEXEC) = 3
read(3, "\177ELF\2\1\1\3\0\0\0\0\0\0\0\0\3\0>\0\1\0\0\0P%\2\0\0\0\0\0"..., 832) = 832
fstat(3, {st_mode=S_IFREG|0755, st_size=2173512, ...}) = 0
mmap(NULL, 3981792, PROT_READ|PROT_EXEC, MAP_PRIVATE|MAP_DENYWRITE, 3, 0) = 0x7f20d8158000
mprotect(0x7f20d831b000, 2093056, PROT_NONE) = 0
mmap(0x7f20d851a000, 24576, PROT_READ|PROT_WRITE, MAP_PRIVATE|MAP_FIXED|MAP_DENYWRITE, 3, 0x1c2000) = 0x7f20d851a000
mmap(0x7f20d8520000, 16864, PROT_READ|PROT_WRITE, MAP_PRIVATE|MAP_FIXED|MAP_ANONYMOUS, -1, 0) = 0x7f20d8520000
close(3)                                = 0
mmap(NULL, 4096, PROT_READ|PROT_WRITE, MAP_PRIVATE|MAP_ANONYMOUS, -1, 0) = 0x7f20d8dc3000
mmap(NULL, 8192, PROT_READ|PROT_WRITE, MAP_PRIVATE|MAP_ANONYMOUS, -1, 0) = 0x7f20d8dc1000
arch_prctl(ARCH_SET_FS, 0x7f20d8dc1740) = 0
mprotect(0x7f20d851a000, 16384, PROT_READ) = 0
mprotect(0x7f20d873b000, 4096, PROT_READ) = 0
mprotect(0x7f20d8955000, 4096, PROT_READ) = 0
mprotect(0x7f20d8bb7000, 4096, PROT_READ) = 0
mprotect(0x765000, 4096, PROT_READ)     = 0
mprotect(0x7f20d8dda000, 4096, PROT_READ) = 0
munmap(0x7f20d8dc5000, 77986)           = 0
set_tid_address(0x7f20d8dc1a10)         = 20836
set_robust_list(0x7f20d8dc1a20, 24)     = 0
rt_sigaction(SIGRTMIN, {0x7f20d852b7e0, [], SA_RESTORER|SA_SIGINFO, 0x7f20d85346d0}, NULL, 8) = 0
rt_sigaction(SIGRT_1, {0x7f20d852b870, [], SA_RESTORER|SA_RESTART|SA_SIGINFO, 0x7f20d85346d0}, NULL, 8) = 0
rt_sigprocmask(SIG_UNBLOCK, [RTMIN RT_1], NULL, 8) = 0
getrlimit(RLIMIT_STACK, {rlim_cur=8192*1024, rlim_max=RLIM64_INFINITY}) = 0
brk(NULL)                               = 0x9da000
brk(0x9fb000)                           = 0x9fb000
brk(NULL)                               = 0x9fb000
open("/usr/lib/locale/locale-archive", O_RDONLY|O_CLOEXEC) = 3
fstat(3, {st_mode=S_IFREG|0644, st_size=106070960, ...}) = 0
mmap(NULL, 106070960, PROT_READ, MAP_PRIVATE, 3, 0) = 0x7f20d1c2f000
close(3)                                = 0
getcwd("/root/aman/ABC", 4096)          = 15
stat(".", {st_mode=S_IFDIR|0755, st_size=67, ...}) = 0
stat(".git", {st_mode=S_IFDIR|0755, st_size=201, ...}) = 0
access(".git/objects", X_OK)            = 0
access(".git/refs", X_OK)               = 0
lstat(".git/HEAD", {st_mode=S_IFREG|0644, st_size=21, ...}) = 0
open(".git/HEAD", O_RDONLY)             = 3
read(3, "ref: refs/heads/Prod\n", 255)  = 21
read(3, "", 234)                        = 0
close(3)                                = 0
access("/etc/gitconfig", R_OK)          = -1 ENOENT (No such file or directory)
access("/root/.config/git/config", R_OK) = -1 ENOENT (No such file or directory)
access("/root/.gitconfig", R_OK)        = 0
open("/root/.gitconfig", O_RDONLY)      = 3
fstat(3, {st_mode=S_IFREG|0644, st_size=107, ...}) = 0
mmap(NULL, 4096, PROT_READ|PROT_WRITE, MAP_PRIVATE|MAP_ANONYMOUS, -1, 0) = 0x7f20d8dd8000
read(3, "[uname]\n\temail = aman.oracle.dba"..., 4096) = 107
read(3, "", 4096)                       = 0
close(3)                                = 0
munmap(0x7f20d8dd8000, 4096)            = 0
access(".git/config", R_OK)             = 0
open(".git/config", O_RDONLY)           = 3
fstat(3, {st_mode=S_IFREG|0644, st_size=383, ...}) = 0
mmap(NULL, 4096, PROT_READ|PROT_WRITE, MAP_PRIVATE|MAP_ANONYMOUS, -1, 0) = 0x7f20d8dd8000
read(3, "[core]\n\trepositoryformatversion "..., 4096) = 383
read(3, "", 4096)                       = 0
close(3)                                = 0
munmap(0x7f20d8dd8000, 4096)            = 0
stat(".", {st_mode=S_IFDIR|0755, st_size=67, ...}) = 0
getcwd("/root/aman/ABC", 1024)          = 15
chdir(".")                              = 0
getcwd("/root/aman/ABC", 4096)          = 15
lstat("/root/aman/ABC", {st_mode=S_IFDIR|0755, st_size=67, ...}) = 0
chdir("/root/aman/ABC")                 = 0
stat(".git", {st_mode=S_IFDIR|0755, st_size=201, ...}) = 0
access("/etc/gitconfig", R_OK)          = -1 ENOENT (No such file or directory)
access("/root/.config/git/config", R_OK) = -1 ENOENT (No such file or directory)
access("/root/.gitconfig", R_OK)        = 0
open("/root/.gitconfig", O_RDONLY)      = 3
fstat(3, {st_mode=S_IFREG|0644, st_size=107, ...}) = 0
mmap(NULL, 4096, PROT_READ|PROT_WRITE, MAP_PRIVATE|MAP_ANONYMOUS, -1, 0) = 0x7f20d8dd8000
read(3, "[uname]\n\temail = aman.oracle.dba"..., 4096) = 107
read(3, "", 4096)                       = 0
close(3)                                = 0
munmap(0x7f20d8dd8000, 4096)            = 0
access(".git/config", R_OK)             = 0
open(".git/config", O_RDONLY)           = 3
fstat(3, {st_mode=S_IFREG|0644, st_size=383, ...}) = 0
mmap(NULL, 4096, PROT_READ|PROT_WRITE, MAP_PRIVATE|MAP_ANONYMOUS, -1, 0) = 0x7f20d8dd8000
read(3, "[core]\n\trepositoryformatversion "..., 4096) = 383
read(3, "", 4096)                       = 0
close(3)                                = 0
munmap(0x7f20d8dd8000, 4096)            = 0
access("/etc/gitconfig", R_OK)          = -1 ENOENT (No such file or directory)
access("/root/.config/git/config", R_OK) = -1 ENOENT (No such file or directory)
access("/root/.gitconfig", R_OK)        = 0
open("/root/.gitconfig", O_RDONLY)      = 3
fstat(3, {st_mode=S_IFREG|0644, st_size=107, ...}) = 0
mmap(NULL, 4096, PROT_READ|PROT_WRITE, MAP_PRIVATE|MAP_ANONYMOUS, -1, 0) = 0x7f20d8dd8000
read(3, "[uname]\n\temail = aman.oracle.dba"..., 4096) = 107
read(3, "", 4096)                       = 0
close(3)                                = 0
munmap(0x7f20d8dd8000, 4096)            = 0
access(".git/config", R_OK)             = 0
open(".git/config", O_RDONLY)           = 3
fstat(3, {st_mode=S_IFREG|0644, st_size=383, ...}) = 0
mmap(NULL, 4096, PROT_READ|PROT_WRITE, MAP_PRIVATE|MAP_ANONYMOUS, -1, 0) = 0x7f20d8dd8000
read(3, "[core]\n\trepositoryformatversion "..., 4096) = 383
read(3, "", 4096)                       = 0
close(3)                                = 0
munmap(0x7f20d8dd8000, 4096)            = 0
lstat(".git/HEAD", {st_mode=S_IFREG|0644, st_size=21, ...}) = 0
open(".git/HEAD", O_RDONLY)             = 3
read(3, "ref: refs/heads/Prod\n", 255)  = 21
read(3, "", 234)                        = 0
close(3)                                = 0
lstat(".git/refs/heads/Prod", {st_mode=S_IFREG|0644, st_size=41, ...}) = 0
open(".git/refs/heads/Prod", O_RDONLY)  = 3
read(3, "c13324100c3dc8603017aa747555705a"..., 255) = 41
read(3, "", 214)                        = 0
close(3)                                = 0
access("/etc/gitconfig", R_OK)          = -1 ENOENT (No such file or directory)
access("/root/.config/git/config", R_OK) = -1 ENOENT (No such file or directory)
access("/root/.gitconfig", R_OK)        = 0
open("/root/.gitconfig", O_RDONLY)      = 3
fstat(3, {st_mode=S_IFREG|0644, st_size=107, ...}) = 0
mmap(NULL, 4096, PROT_READ|PROT_WRITE, MAP_PRIVATE|MAP_ANONYMOUS, -1, 0) = 0x7f20d8dd8000
read(3, "[uname]\n\temail = aman.oracle.dba"..., 4096) = 107
read(3, "", 4096)                       = 0
close(3)                                = 0
munmap(0x7f20d8dd8000, 4096)            = 0
access(".git/config", R_OK)             = 0
open(".git/config", O_RDONLY)           = 3
fstat(3, {st_mode=S_IFREG|0644, st_size=383, ...}) = 0
mmap(NULL, 4096, PROT_READ|PROT_WRITE, MAP_PRIVATE|MAP_ANONYMOUS, -1, 0) = 0x7f20d8dd8000
read(3, "[core]\n\trepositoryformatversion "..., 4096) = 383
read(3, "", 4096)                       = 0
close(3)                                = 0
munmap(0x7f20d8dd8000, 4096)            = 0
open("/usr/share/locale/locale.alias", O_RDONLY|O_CLOEXEC) = 3
fstat(3, {st_mode=S_IFREG|0644, st_size=2502, ...}) = 0
mmap(NULL, 4096, PROT_READ|PROT_WRITE, MAP_PRIVATE|MAP_ANONYMOUS, -1, 0) = 0x7f20d8dd8000
read(3, "# Locale name alias data base.\n#"..., 4096) = 2502
read(3, "", 4096)                       = 0
close(3)                                = 0
munmap(0x7f20d8dd8000, 4096)            = 0
open("/usr/share/locale/en_US.UTF-8/LC_MESSAGES/git.mo", O_RDONLY) = -1 ENOENT (No such file or directory)
open("/usr/share/locale/en_US.utf8/LC_MESSAGES/git.mo", O_RDONLY) = -1 ENOENT (No such file or directory)
open("/usr/share/locale/en_US/LC_MESSAGES/git.mo", O_RDONLY) = -1 ENOENT (No such file or directory)
open("/usr/share/locale/en.UTF-8/LC_MESSAGES/git.mo", O_RDONLY) = -1 ENOENT (No such file or directory)
open("/usr/share/locale/en.utf8/LC_MESSAGES/git.mo", O_RDONLY) = -1 ENOENT (No such file or directory)
open("/usr/share/locale/en/LC_MESSAGES/git.mo", O_RDONLY) = -1 ENOENT (No such file or directory)
write(2, "warning: push.default is unset; "..., 566warning: push.default is unset; its implicit value is changing in
Git 2.0 from 'matching' to 'simple'. To squelch this message
and maintain the current behavior after the default changes, use:

  git config --global push.default matching

To squelch this message and adopt the new behavior now, use:

  git config --global push.default simple

See 'git help config' and search for 'push.default' for further information.
(the 'simple' mode was introduced in Git 1.7.11. Use the similar mode
'current' instead of 'simple' if you sometimes use older versions of Git)

) = 566
ioctl(2, TCGETS, 0x7ffc4a7b1600)        = -1 ENOTTY (Inappropriate ioctl for device)
ioctl(2, TCGETS, 0x7ffc4a7b1690)        = -1 ENOTTY (Inappropriate ioctl for device)
pipe([3, 4])                            = 0
pipe([5, 6])                            = 0
pipe([7, 8])                            = 0
clone(child_stack=0, flags=CLONE_CHILD_CLEARTID|CLONE_CHILD_SETTID|SIGCHLD, child_tidptr=0x7f20d8dc1a10) = 20837
close(8)                                = 0
read(7, "", 1)                          = 0
close(7)                                = 0
close(3)                                = 0
close(6)                                = 0
dup(5)                                  = 3
fcntl(3, F_GETFL)                       = 0 (flags O_RDONLY)
write(4, "capabilities\n", 13)          = 13
fstat(3, {st_mode=S_IFIFO|0600, st_size=0, ...}) = 0
mmap(NULL, 4096, PROT_READ|PROT_WRITE, MAP_PRIVATE|MAP_ANONYMOUS, -1, 0) = 0x7f20d8dd8000
read(3, "fetch\noption\npush\n\n", 4096) = 19
dup(5)                                  = 6
fcntl(6, F_GETFL)                       = 0 (flags O_RDONLY)
close(6)                                = 0
write(4, "list for-push\n", 14)         = 14
read(3, "c13324100c3dc8603017aa747555705a"..., 4096) = 175
open(".git/packed-refs", O_RDONLY)      = -1 ENOENT (No such file or directory)
openat(AT_FDCWD, ".git/refs/", O_RDONLY|O_NONBLOCK|O_DIRECTORY|O_CLOEXEC) = 6
getdents(6, /* 5 entries */, 32768)     = 136
stat(".git/refs/heads", {st_mode=S_IFDIR|0755, st_size=45, ...}) = 0
stat(".git/refs/tags", {st_mode=S_IFDIR|0755, st_size=6, ...}) = 0
stat(".git/refs/remotes", {st_mode=S_IFDIR|0755, st_size=20, ...}) = 0
getdents(6, /* 0 entries */, 32768)     = 0
close(6)                                = 0
openat(AT_FDCWD, ".git/refs/heads/", O_RDONLY|O_NONBLOCK|O_DIRECTORY|O_CLOEXEC) = 6
getdents(6, /* 5 entries */, 32768)     = 136
stat(".git/refs/heads/master", {st_mode=S_IFREG|0644, st_size=41, ...}) = 0
lstat(".git/refs/heads/master", {st_mode=S_IFREG|0644, st_size=41, ...}) = 0
open(".git/refs/heads/master", O_RDONLY) = 7
read(7, "02ad35b74d1c917f5b0ae21be5ee4834"..., 255) = 41
read(7, "", 214)                        = 0
close(7)                                = 0
stat(".git/refs/heads/stage", {st_mode=S_IFREG|0644, st_size=41, ...}) = 0
lstat(".git/refs/heads/stage", {st_mode=S_IFREG|0644, st_size=41, ...}) = 0
open(".git/refs/heads/stage", O_RDONLY) = 7
read(7, "7f67387d77e073096855cfc3a0f14ad4"..., 255) = 41
read(7, "", 214)                        = 0
close(7)                                = 0
stat(".git/refs/heads/Prod", {st_mode=S_IFREG|0644, st_size=41, ...}) = 0
lstat(".git/refs/heads/Prod", {st_mode=S_IFREG|0644, st_size=41, ...}) = 0
open(".git/refs/heads/Prod", O_RDONLY)  = 7
read(7, "c13324100c3dc8603017aa747555705a"..., 255) = 41
read(7, "", 214)                        = 0
close(7)                                = 0
getdents(6, /* 0 entries */, 32768)     = 0
close(6)                                = 0
openat(AT_FDCWD, ".git/objects/pack", O_RDONLY|O_NONBLOCK|O_DIRECTORY|O_CLOEXEC) = 6
getdents(6, /* 2 entries */, 32768)     = 48
getdents(6, /* 0 entries */, 32768)     = 0
close(6)                                = 0
open(".git/objects/info/alternates", O_RDONLY|O_NOATIME) = -1 ENOENT (No such file or directory)
access(".git/objects/c1/3324100c3dc8603017aa747555705adbe4813d", F_OK) = 0
access(".git/objects/02/ad35b74d1c917f5b0ae21be5ee4834af42f17f", F_OK) = 0
access(".git/objects/7f/67387d77e073096855cfc3a0f14ad4e42657de", F_OK) = 0
openat(AT_FDCWD, ".git/refs/remotes/", O_RDONLY|O_NONBLOCK|O_DIRECTORY|O_CLOEXEC) = 6
getdents(6, /* 3 entries */, 32768)     = 80
stat(".git/refs/remotes/origin", {st_mode=S_IFDIR|0755, st_size=45, ...}) = 0
getdents(6, /* 0 entries */, 32768)     = 0
close(6)                                = 0
openat(AT_FDCWD, ".git/refs/remotes/origin/", O_RDONLY|O_NONBLOCK|O_DIRECTORY|O_CLOEXEC) = 6
getdents(6, /* 5 entries */, 32768)     = 136
stat(".git/refs/remotes/origin/master", {st_mode=S_IFREG|0644, st_size=41, ...}) = 0
lstat(".git/refs/remotes/origin/master", {st_mode=S_IFREG|0644, st_size=41, ...}) = 0
open(".git/refs/remotes/origin/master", O_RDONLY) = 7
read(7, "02ad35b74d1c917f5b0ae21be5ee4834"..., 255) = 41
read(7, "", 214)                        = 0
close(7)                                = 0
stat(".git/refs/remotes/origin/Prod", {st_mode=S_IFREG|0644, st_size=41, ...}) = 0
lstat(".git/refs/remotes/origin/Prod", {st_mode=S_IFREG|0644, st_size=41, ...}) = 0
open(".git/refs/remotes/origin/Prod", O_RDONLY) = 7
read(7, "c13324100c3dc8603017aa747555705a"..., 255) = 41
read(7, "", 214)                        = 0
close(7)                                = 0
stat(".git/refs/remotes/origin/stage", {st_mode=S_IFREG|0644, st_size=41, ...}) = 0
lstat(".git/refs/remotes/origin/stage", {st_mode=S_IFREG|0644, st_size=41, ...}) = 0
open(".git/refs/remotes/origin/stage", O_RDONLY) = 7
read(7, "7f67387d77e073096855cfc3a0f14ad4"..., 255) = 41
read(7, "", 214)                        = 0
close(7)                                = 0
getdents(6, /* 0 entries */, 32768)     = 0
close(6)                                = 0
access(".git/objects/c1/3324100c3dc8603017aa747555705adbe4813d", F_OK) = 0
access(".git/objects/02/ad35b74d1c917f5b0ae21be5ee4834af42f17f", F_OK) = 0
access(".git/objects/7f/67387d77e073096855cfc3a0f14ad4e42657de", F_OK) = 0
openat(AT_FDCWD, ".git/refs/tags/", O_RDONLY|O_NONBLOCK|O_DIRECTORY|O_CLOEXEC) = 6
getdents(6, /* 2 entries */, 32768)     = 48
getdents(6, /* 0 entries */, 32768)     = 0
close(6)                                = 0
access(".git/hooks/pre-push", X_OK)     = -1 ENOENT (No such file or directory)
dup(5)                                  = 6
fcntl(6, F_GETFL)                       = 0 (flags O_RDONLY)
close(6)                                = 0
lstat(".git/HEAD", {st_mode=S_IFREG|0644, st_size=21, ...}) = 0
open(".git/HEAD", O_RDONLY)             = 6
read(6, "ref: refs/heads/Prod\n", 255)  = 21
read(6, "", 234)                        = 0
close(6)                                = 0
lstat(".git/refs/heads/Prod", {st_mode=S_IFREG|0644, st_size=41, ...}) = 0
open(".git/refs/heads/Prod", O_RDONLY)  = 6
read(6, "c13324100c3dc8603017aa747555705a"..., 255) = 41
read(6, "", 214)                        = 0
close(6)                                = 0
lstat(".git/refs/remotes/origin/Prod", {st_mode=S_IFREG|0644, st_size=41, ...}) = 0
open(".git/refs/remotes/origin/Prod", O_RDONLY) = 6
read(6, "c13324100c3dc8603017aa747555705a"..., 255) = 41
read(6, "", 214)                        = 0
close(6)                                = 0
stat(".git", {st_mode=S_IFDIR|0755, st_size=201, ...}) = 0
stat(".git/refs", {st_mode=S_IFDIR|0755, st_size=46, ...}) = 0
stat(".git/refs/remotes", {st_mode=S_IFDIR|0755, st_size=20, ...}) = 0
stat(".git/refs/remotes/origin", {st_mode=S_IFDIR|0755, st_size=45, ...}) = 0
readlink(".git/refs/remotes/origin/Prod", 0x7ffc4a7b04d0, 4096) = -1 EINVAL (Invalid argument)
open(".git/refs/remotes/origin/Prod.lock", O_RDWR|O_CREAT|O_EXCL, 0666) = 6
rt_sigaction(SIGINT, {0x4a8670, [INT], SA_RESTORER|SA_RESTART, 0x7f20d818e2f0}, {SIG_DFL, [], 0}, 8) = 0
rt_sigaction(SIGHUP, {0x4a8670, [HUP], SA_RESTORER|SA_RESTART, 0x7f20d818e2f0}, {SIG_DFL, [], 0}, 8) = 0
rt_sigaction(SIGTERM, {0x4a8670, [TERM], SA_RESTORER|SA_RESTART, 0x7f20d818e2f0}, {SIG_DFL, [], 0}, 8) = 0
rt_sigaction(SIGQUIT, {0x4a8670, [QUIT], SA_RESTORER|SA_RESTART, 0x7f20d818e2f0}, {SIG_DFL, [], 0}, 8) = 0
rt_sigaction(SIGPIPE, {0x4a8670, [PIPE], SA_RESTORER|SA_RESTART, 0x7f20d818e2f0}, {SIG_DFL, [], 0}, 8) = 0
close(6)                                = 0
unlink(".git/refs/remotes/origin/Prod.lock") = 0
lstat(".git/refs/remotes/origin/master", {st_mode=S_IFREG|0644, st_size=41, ...}) = 0
open(".git/refs/remotes/origin/master", O_RDONLY) = 6
read(6, "02ad35b74d1c917f5b0ae21be5ee4834"..., 255) = 41
read(6, "", 214)                        = 0
close(6)                                = 0
stat(".git", {st_mode=S_IFDIR|0755, st_size=201, ...}) = 0
stat(".git/refs", {st_mode=S_IFDIR|0755, st_size=46, ...}) = 0
stat(".git/refs/remotes", {st_mode=S_IFDIR|0755, st_size=20, ...}) = 0
stat(".git/refs/remotes/origin", {st_mode=S_IFDIR|0755, st_size=45, ...}) = 0
readlink(".git/refs/remotes/origin/master", 0x7ffc4a7b04d0, 4096) = -1 EINVAL (Invalid argument)
open(".git/refs/remotes/origin/master.lock", O_RDWR|O_CREAT|O_EXCL, 0666) = 6
close(6)                                = 0
unlink(".git/refs/remotes/origin/master.lock") = 0
lstat(".git/refs/remotes/origin/stage", {st_mode=S_IFREG|0644, st_size=41, ...}) = 0
open(".git/refs/remotes/origin/stage", O_RDONLY) = 6
read(6, "7f67387d77e073096855cfc3a0f14ad4"..., 255) = 41
read(6, "", 214)                        = 0
close(6)                                = 0
stat(".git", {st_mode=S_IFDIR|0755, st_size=201, ...}) = 0
stat(".git/refs", {st_mode=S_IFDIR|0755, st_size=46, ...}) = 0
stat(".git/refs/remotes", {st_mode=S_IFDIR|0755, st_size=20, ...}) = 0
stat(".git/refs/remotes/origin", {st_mode=S_IFDIR|0755, st_size=45, ...}) = 0
readlink(".git/refs/remotes/origin/stage", 0x7ffc4a7b04d0, 4096) = -1 EINVAL (Invalid argument)
open(".git/refs/remotes/origin/stage.lock", O_RDWR|O_CREAT|O_EXCL, 0666) = 6
close(6)                                = 0
unlink(".git/refs/remotes/origin/stage.lock") = 0
write(2, "Everything up-to-date\n", 22Everything up-to-date
) = 22
rt_sigaction(SIGPIPE, {SIG_IGN, [PIPE], SA_RESTORER|SA_RESTART, 0x7f20d818e2f0}, {0x4a8670, [PIPE], SA_RESTORER|SA_RESTART, 0x7f20d818e2f0}, 8) = 0
write(4, "\n", 1)                       = 1
--- SIGCHLD {si_signo=SIGCHLD, si_code=CLD_EXITED, si_pid=20837, si_uid=0, si_status=0, si_utime=8, si_stime=6} ---
rt_sigaction(SIGPIPE, {0x4a8670, [PIPE], SA_RESTORER|SA_RESTART, 0x7f20d818e2f0}, {SIG_IGN, [PIPE], SA_RESTORER|SA_RESTART, 0x7f20d818e2f0}, 8) = 0
close(4)                                = 0
close(5)                                = 0
close(3)                                = 0
munmap(0x7f20d8dd8000, 4096)            = 0
wait4(20837, [{WIFEXITED(s) && WEXITSTATUS(s) == 0}], 0, NULL) = 20837
fstat(1, {st_mode=S_IFREG|0644, st_size=21286, ...}) = 0
close(1)                                = 0
exit_group(0)                           = ?
+++ exited with 0 +++
